[114.99999999999999, 229.99999999999997, 345.0]
